../Core/Src/main.c:82:6:HAL_TIM_PeriodElapsedCallback	32	static
../Core/Src/main.c:109:6:HAL_GPIO_EXTI_Callback	24	static
../Core/Src/main.c:131:5:main	8	static
../Core/Src/main.c:182:6:SystemClock_Config	72	static
../Core/Src/main.c:222:13:MX_SPI1_Init	8	static
../Core/Src/main.c:260:13:MX_TIM2_Init	32	static
../Core/Src/main.c:305:13:MX_TIM3_Init	32	static
../Core/Src/main.c:354:13:MX_USART1_UART_Init	8	static
../Core/Src/main.c:387:13:MX_GPIO_Init	32	static
../Core/Src/main.c:432:6:Error_Handler	4	static,ignoring_inline_asm
