../Core/Src/main.c:84:6:HAL_TIM_PeriodElapsedCallback	16	static
../Core/Src/main.c:109:6:HAL_GPIO_EXTI_Callback	24	static
../Core/Src/main.c:129:5:main	32	static
../Core/Src/main.c:187:6:SystemClock_Config	72	static
../Core/Src/main.c:226:13:MX_SPI1_Init	8	static
../Core/Src/main.c:263:13:MX_TIM2_Init	32	static
../Core/Src/main.c:307:13:MX_TIM3_Init	32	static
../Core/Src/main.c:355:13:MX_USART1_UART_Init	8	static
../Core/Src/main.c:387:13:MX_GPIO_Init	32	static
../Core/Src/main.c:431:6:Error_Handler	4	static,ignoring_inline_asm
